// Jest Snapshot v1, https://goo.gl/fbAQLP

exports[`UpdateUserForm PUT Request and formatting:  Expects the screen to make sure the snapshot matches 1`] = `
<section>
  <div
    className="container vertical-center"
  >
    <form
      className="offset-4 col-3"
    >
      <h3>
        Want to update anything?
      </h3>
      <div>
        <label
          className="col-form-label form-label"
          htmlFor="username"
        >
          Update Username
        </label>
        <input
          className="form-control"
          id="username"
          type="text"
        />
      </div>
      <div>
        <label
          className="form-label"
          htmlFor="password"
        >
          Update Password
        </label>
        <input
          className="form-control"
          id="password"
          type="password"
        />
      </div>
      <div>
        <label
          className="form-label"
          htmlFor="firstName"
        >
          Update First Name
        </label>
        <input
          className="form-control"
          id="firstName"
          type="text"
        />
      </div>
      <div>
        <label
          className="form-label"
          htmlFor="lastName"
        >
          Update Last Name
        </label>
        <input
          className="form-control"
          id="lastName"
          type="text"
        />
      </div>
      <div>
        <label
          className="form-label"
          htmlFor="email"
        >
          Update Email Address
        </label>
        <input
          className="form-control"
          email="true"
          id="email"
          type="email"
        />
      </div>
      <div>
        <label
          className="form-label"
          htmlFor="phone"
        >
          Update Phone Number
        </label>
        <input
          className="form-control"
          id="phone"
          type="text"
        />
      </div>
      <div>
        <label
          className="form-label"
          htmlFor="dateOfBirth"
        >
          Update Date of Birth
        </label>
        <input
          className="form-control"
          id="dateOfbirth"
          type="text"
        />
      </div>
      <div
        className="btn-group"
        role="group"
      >
        <button
          className="btn btn-primary mt-3 btn btn-primary"
          disabled={false}
          onClick={[Function]}
          type="submit"
        >
          Submit Update
        </button>
      </div>
    </form>
  </div>
</section>
`;
